http_interactions:
- request:
    method: get
    uri: http://a02235015-6.bluezone.usu.edu/api/
    body:
      encoding: ''
      string: ''
    headers:
      Accept: application/json, text/xml, application/xml, */*
  response:
    status:
      status_code: 200
      category: Success
      reason: OK
      message: 'Success: (200) OK'
    headers:
      server: nginx/1.17.3
      content-type: application/ld+json; charset=utf-8
      transfer-encoding: chunked
      connection: keep-alive
      vary: Accept
      x-content-type-options: nosniff
      x-frame-options: deny
      cache-control: no-cache, private
      date: Tue, 29 Sep 2020 19:30:19 GMT
      link: <http://a02235015-6.bluezone.usu.edu/api/docs.jsonld>; rel="http://www.w3.org/ns/hydra/core#apiDocumentation"
    body:
      encoding: UTF-8
      file: no
      string: '{"@context":"\/api\/contexts\/Entrypoint","@id":"\/api","@type":"Entrypoint","configurations":"\/api\/configurations","schemaVersion":"\/api\/schemaversion","lookupLanguages":"\/api\/lookuplanguages","users":"\/api\/users","checklists":"\/api\/checklists","taxaComments":"\/api\/checklist\/taxacomments","children":"\/api\/checklist\/children","taxaLink":"\/api\/checklist\/taxalink","projectCategories":"\/api\/checklist\/projectcategories","vouchers":"\/api\/checklist\/vouchers","dynamic":"\/api\/checklist\/dynamic","checklistProjects":"\/api\/checklist\/checklistprojects","coordinates":"\/api\/checklist\/coordinates","stats":"\/api\/collection\/stats","institutions":"\/api\/collection\/institutions","collections":"\/api\/collections","categories":"\/api\/collection\/categories","queue":"\/api\/crowdsource\/queue","central":"\/api\/crowdsource\/central","titles":"\/api\/exsiccati\/titles","numbers":"\/api\/exsiccati\/numbers","sources":"\/api\/glossary\/sources","termLink":"\/api\/glossary\/termlink","glossary":"\/api\/glossary","projects":"\/api\/imageprocessor\/projects","nlpVersion":"\/api\/imageprocessor\/nlpversion","ocrFragment":"\/api\/imageprocessor\/ocrfragment","nlpFragment":"\/api\/imageprocessor\/nlpfragment","rawLabels":"\/api\/imageprocessor\/rawlabels","nlp":"\/api\/imageprocessor\/nlp","characterHeading":"\/api\/key\/characterheading","characterStateLanguages":"\/api\/key\/characterstatelanguages","characterLanguages":"\/api\/key\/characterlanguages","characters":"\/api\/key\/characters","descriptions":"\/api\/key\/descriptions","descriptionDeletions":"\/api\/key\/descriptiondeletions","characterStates":"\/api\/key\/characterstates","characterStateImages":"\/api\/key\/characterstateimages","tagKey":"\/api\/media\/tagkey","media":"\/api\/media","images":"\/api\/media\/images","guid":"\/api\/media\/guid","keywords":"\/api\/media\/keywords","tag":"\/api\/media\/tag","associations":"\/api\/occurrenceassociations\/associations","comments":"\/api\/occurrencecomments\/comments","datasetLink":"\/api\/occurrencedataset\/datasetlink","datasets":"\/api\/occurrencedataset\/datasets","genetic":"\/api\/occurrencegenetic\/genetic","exchange":"\/api\/occurrenceloan\/exchange","loans":"\/api\/occurrenceloan\/loans","revisions":"\/api\/occurrence\/revisions","edits":"\/api\/occurrence\/edits","uploadDeterminations":"\/api\/occurrence\/uploaddeterminations","fullText":"\/api\/occurrence\/fulltext","uploadParameters":"\/api\/occurrence\/uploadparameters","duplicates":"\/api\/occurrence\/duplicates","lookupChronostratigraphy":"\/api\/occurrence\/lookupchronostratigraphy","accessStats":"\/api\/occurrence\/accessstats","editLocks":"\/api\/occurrence\/editlocks","lookupCounties":"\/api\/occurrence\/lookupcounties","geoIndex":"\/api\/occurrence\/geoindex","lookupStateProvinces":"\/api\/occurrence\/lookupstateprovinces","occurrences":"\/api\/occurrences","determinations":"\/api\/occurrence\/determinations","verification":"\/api\/occurrence\/verification","uploadMappings":"\/api\/occurrence\/uploadmappings","lookupCountries":"\/api\/occurrence\/lookupcountries","identifiers":"\/api\/occurrence\/identifiers","guidOccurrences":"\/api\/occurrence\/guidoccurrences","uploadOccurrences":"\/api\/occurrence\/uploadoccurrences","guidDeterminations":"\/api\/occurrence\/guiddeterminations","lookupMunicipalities":"\/api\/occurrence\/lookupmunicipalities","checklistTaxaLink":"\/api\/reference\/checklisttaxalink","authors":"\/api\/reference\/authors","lookupReferenceTypes":"\/api\/reference\/lookupreferencetypes","references":"\/api\/references","descriptionBlock":"\/api\/taxa\/descriptionblock","synonymy":"\/api\/taxa\/synonymy","authorities":"\/api\/taxa\/authorities","taxa":"\/api\/taxa","resourceLinks":"\/api\/taxa\/resourcelinks","maps":"\/api\/taxa\/maps","descriptionStatements":"\/api\/taxa\/descriptionstatements","relationships":"\/api\/taxa\/relationships","upload":"\/api\/taxa\/upload","links":"\/api\/taxa\/links","userTaxonomy":"\/api\/taxa\/usertaxonomy","vernaculars":"\/api\/taxa\/vernaculars","ranks":"\/api\/taxa\/ranks","attributes":"\/api\/traits\/attributes","traits":"\/api\/traits","dependencies":"\/api\/traits\/dependencies","states":"\/api\/traits\/states"}'
  recorded_at: 2020-09-29 19:30:19 GMT
  recorded_with: vcr/0.5.4, webmockr/0.6.2
- request:
    method: get
    uri: http://a02235015-6.bluezone.usu.edu/api/occurrences/1
    body:
      encoding: ''
      string: ''
    headers:
      Accept: application/json, text/xml, application/xml, */*
  response:
    status:
      status_code: 200
      category: Success
      reason: OK
      message: 'Success: (200) OK'
    headers:
      server: nginx/1.17.3
      content-type: application/ld+json; charset=utf-8
      transfer-encoding: chunked
      connection: keep-alive
      vary: Accept
      x-content-type-options: nosniff
      x-frame-options: deny
      cache-control: private, must-revalidate
      date: Tue, 29 Sep 2020 19:30:19 GMT
      link: <http://a02235015-6.bluezone.usu.edu/api/docs.jsonld>; rel="http://www.w3.org/ns/hydra/core#apiDocumentation"
      etag: '"ba94f183e11e4f158853d0c0f20ccac4"'
    body:
      encoding: UTF-8
      file: no
      string: '{"@context":"\/api\/contexts\/Occurrences","@id":"\/api\/occurrences\/1","@type":"Occurrences","id":1,"sourcePrimaryKey":"11251","basisOfRecord":"PreservedSpecimen","occurrenceIdentifier":"USU:UTC:11251","catalogNumber":"UTC00011251","otherCatalogNumbers":null,"ownerInstitutionCode":null,"institutionIdentifier":null,"collectionIdentifier":null,"datasetIdentifier":null,"institutionCode":null,"collectionCode":null,"family":"Poaceae","scientificNameFull":null,"scientificName":"Pascopyrum
        smithii","genus":null,"specificEpithet":null,"taxonRank":null,"infraspecificEpithet":null,"scientificNameAuthorship":"(Rydb.)
        A. LÃ¶ve","taxonRemarks":null,"identifiedBy":"Mary E. Barkworth","dateIdentified":"1993","identificationReferences":null,"identificationRemarks":null,"identificationQualifier":null,"typeStatus":null,"recordedBy":"Mary
        E. Barkworth","recordNumber":"4300","associatedCollectors":"CAB Gilbert","eventDate":"1983-07-21T00:00:00+00:00","latestDateCollected":null,"year":1983,"month":7,"day":21,"startDayOfYear":202,"endDayOfYear":null,"verbatimEventDate":"21
        July 1983","habitat":"Gently southeast facing slope, restored by reseeding.","substrate":null,"fieldNotes":null,"fieldNumber":null,"eventIdentifier":null,"occurrenceRemarks":"All
        species appear cespitose because planted in holes in very heavy clay soil.
        Anthers 2.5 mm. Vouchers for leaf epidermal study by C. Gilbert.","informationWithheld":null,"dataGeneralizations":null,"associatedOccurrences":null,"associatedTaxa":"Elymus
        lanceolatus, Pseudoroegneria spicata, and Pascopyrum smithii.","dynamicProperties":null,"verbatimAttributes":null,"behavior":null,"reproductiveCondition":"flowering
        or fruiting","cultivationStatus":0,"establishmentMeans":null,"lifeStage":null,"sex":null,"individualCount":null,"samplingProtocol":null,"samplingEffort":null,"preparations":null,"locationIdentifier":null,"waterbody":null,"country":"United
        States","stateProvince":"Wyoming","county":"Lincoln","municipality":null,"locality":"Kemmerer
        Caol Mine about 1 mile west of Kemmerer; coollected on research plots for
        12ua","localitySecurity":0,"localitySecurityReason":null,"decimalLatitude":null,"decimalLongitude":null,"geodeticDatum":null,"coordinateUncertaintyInMeters":null,"footprintWkt":null,"coordinatePrecision":null,"locationRemarks":null,"verbatimCoordinates":null,"verbatimCoordinateSystem":null,"georeferencedBy":null,"georeferenceProtocol":null,"georeferenceSources":null,"georeferenceVerificationStatus":null,"georeferenceRemarks":null,"minimumElevationInMeters":2000,"maximumElevationInMeters":2500,"verbatimElevation":null,"minimumDepthInMeters":null,"maximumDepthInMeters":null,"verbatimDepth":null,"previousIdentifications":null,"disposition":null,"storageLocation":null,"language":null,"processingStatus":"reviewed","recordEnteredBy":null,"duplicateQuantity":null,"labelProject":null,"dynamicFields":null,"initialTimestamp":null,"modifiedTimestamp":"2019-01-12T13:42:43+00:00","taxaId":null,"observerUserId":null,"collectionId":"\/api\/collections\/7","duplicateId":[],"chronostratigraphyId":[]}'
  recorded_at: 2020-09-29 19:30:19 GMT
  recorded_with: vcr/0.5.4, webmockr/0.6.2
- request:
    method: get
    uri: http://a02235015-6.bluezone.usu.edu/api/occurrencedataset/datasets?page=1
    body:
      encoding: ''
      string: ''
    headers:
      Accept: application/json, text/xml, application/xml, */*
  response:
    status:
      status_code: 200
      category: Success
      reason: OK
      message: 'Success: (200) OK'
    headers:
      server: nginx/1.17.3
      content-type: application/ld+json; charset=utf-8
      transfer-encoding: chunked
      connection: keep-alive
      vary: Accept
      x-content-type-options: nosniff
      x-frame-options: deny
      cache-control: private, must-revalidate
      date: Tue, 29 Sep 2020 19:30:19 GMT
      link: <http://a02235015-6.bluezone.usu.edu/api/docs.jsonld>; rel="http://www.w3.org/ns/hydra/core#apiDocumentation"
      etag: '"e7875a8e1ae1706e719fe7adb8375103"'
    body:
      encoding: UTF-8
      file: no
      string: '{"@context":"\/api\/contexts\/Datasets","@id":"\/api\/occurrencedataset\/datasets","@type":"hydra:Collection","hydra:member":[{"@id":"\/api\/occurrencedataset\/datasets\/1","@type":"Datasets","id":1,"name":"2014-May
        test","notes":null,"sortSequence":null,"initialTimestamp":"2019-01-12T12:59:13+00:00","createdUserId":null,"collectionId":null},{"@id":"\/api\/occurrencedataset\/datasets\/2","@type":"Datasets","id":2,"name":"BarkworthDemo","notes":null,"sortSequence":null,"initialTimestamp":"2019-01-12T12:59:13+00:00","createdUserId":null,"collectionId":null},{"@id":"\/api\/occurrencedataset\/datasets\/3","@type":"Datasets","id":3,"name":"BarkworthDemo2","notes":null,"sortSequence":null,"initialTimestamp":"2019-01-12T12:59:13+00:00","createdUserId":null,"collectionId":null},{"@id":"\/api\/occurrencedataset\/datasets\/4","@type":"Datasets","id":4,"name":"BarkworthOlonova","notes":null,"sortSequence":null,"initialTimestamp":"2019-01-12T12:59:13+00:00","createdUserId":null,"collectionId":null},{"@id":"\/api\/occurrencedataset\/datasets\/5","@type":"Datasets","id":5,"name":"Barkworth
        demo3","notes":null,"sortSequence":null,"initialTimestamp":"2019-01-12T12:59:13+00:00","createdUserId":null,"collectionId":null},{"@id":"\/api\/occurrencedataset\/datasets\/6","@type":"Datasets","id":6,"name":"BarkworthPri","notes":null,"sortSequence":null,"initialTimestamp":"2019-01-12T12:59:13+00:00","createdUserId":null,"collectionId":null},{"@id":"\/api\/occurrencedataset\/datasets\/7","@type":"Datasets","id":7,"name":"BarkworthDemoSym","notes":null,"sortSequence":null,"initialTimestamp":"2019-01-12T12:59:13+00:00","createdUserId":null,"collectionId":null},{"@id":"\/api\/occurrencedataset\/datasets\/8","@type":"Datasets","id":8,"name":"Barkworth2012a","notes":null,"sortSequence":null,"initialTimestamp":"2019-01-12T12:59:13+00:00","createdUserId":null,"collectionId":null},{"@id":"\/api\/occurrencedataset\/datasets\/9","@type":"Datasets","id":9,"name":"Sand
        dune day","notes":null,"sortSequence":null,"initialTimestamp":"2019-01-12T12:59:13+00:00","createdUserId":null,"collectionId":null},{"@id":"\/api\/occurrencedataset\/datasets\/10","@type":"Datasets","id":10,"name":"Trial2","notes":null,"sortSequence":null,"initialTimestamp":"2019-01-12T12:59:13+00:00","createdUserId":null,"collectionId":null},{"@id":"\/api\/occurrencedataset\/datasets\/11","@type":"Datasets","id":11,"name":"Video1","notes":null,"sortSequence":null,"initialTimestamp":"2019-01-12T12:59:13+00:00","createdUserId":null,"collectionId":null},{"@id":"\/api\/occurrencedataset\/datasets\/12","@type":"Datasets","id":12,"name":"St.Charles","notes":null,"sortSequence":null,"initialTimestamp":"2019-01-12T12:59:13+00:00","createdUserId":null,"collectionId":null},{"@id":"\/api\/occurrencedataset\/datasets\/13","@type":"Datasets","id":13,"name":"Xtra
        labels","notes":null,"sortSequence":null,"initialTimestamp":"2019-01-12T12:59:13+00:00","createdUserId":null,"collectionId":null},{"@id":"\/api\/occurrencedataset\/datasets\/14","@type":"Datasets","id":14,"name":"Barkworth2012a","notes":null,"sortSequence":null,"initialTimestamp":"2019-01-12T12:59:13+00:00","createdUserId":null,"collectionId":null},{"@id":"\/api\/occurrencedataset\/datasets\/15","@type":"Datasets","id":15,"name":"Plants
        of the Sonoran Desert Network TUZI","notes":null,"sortSequence":null,"initialTimestamp":"2019-01-12T12:59:13+00:00","createdUserId":null,"collectionId":null},{"@id":"\/api\/occurrencedataset\/datasets\/16","@type":"Datasets","id":16,"name":"Sonoran
        Desert Network Voucher TUZI","notes":null,"sortSequence":null,"initialTimestamp":"2019-01-12T12:59:13+00:00","createdUserId":null,"collectionId":null},{"@id":"\/api\/occurrencedataset\/datasets\/17","@type":"Datasets","id":17,"name":"Plants
        of the Sonoran Desert Network TUMA","notes":null,"sortSequence":null,"initialTimestamp":"2019-01-12T12:59:13+00:00","createdUserId":null,"collectionId":null},{"@id":"\/api\/occurrencedataset\/datasets\/18","@type":"Datasets","id":18,"name":"Sonoran
        Desert Network Voucher TUMA","notes":null,"sortSequence":null,"initialTimestamp":"2019-01-12T12:59:13+00:00","createdUserId":null,"collectionId":null},{"@id":"\/api\/occurrencedataset\/datasets\/19","@type":"Datasets","id":19,"name":"Plants
        of the Sonoran Desert Network Vouchers","notes":null,"sortSequence":null,"initialTimestamp":"2019-01-12T12:59:13+00:00","createdUserId":null,"collectionId":null},{"@id":"\/api\/occurrencedataset\/datasets\/20","@type":"Datasets","id":20,"name":"Plants
        of the Sonoran Desert Network MOCA","notes":null,"sortSequence":null,"initialTimestamp":"2019-01-12T12:59:13+00:00","createdUserId":null,"collectionId":null},{"@id":"\/api\/occurrencedataset\/datasets\/21","@type":"Datasets","id":21,"name":"Plants
        of Sonoran Desert Network Voucher SAGE","notes":null,"sortSequence":null,"initialTimestamp":"2019-01-12T12:59:13+00:00","createdUserId":null,"collectionId":null},{"@id":"\/api\/occurrencedataset\/datasets\/22","@type":"Datasets","id":22,"name":"Sonoran
        Desert Network Voucher SAGE","notes":null,"sortSequence":null,"initialTimestamp":"2019-01-12T12:59:13+00:00","createdUserId":null,"collectionId":null},{"@id":"\/api\/occurrencedataset\/datasets\/23","@type":"Datasets","id":23,"name":"Plant
        of the Sonoran Desert Network SAGE","notes":null,"sortSequence":null,"initialTimestamp":"2019-01-12T12:59:13+00:00","createdUserId":null,"collectionId":null},{"@id":"\/api\/occurrencedataset\/datasets\/24","@type":"Datasets","id":24,"name":"Plant
        of the Sonoran Desert Network FOBO","notes":null,"sortSequence":null,"initialTimestamp":"2019-01-12T12:59:13+00:00","createdUserId":null,"collectionId":null},{"@id":"\/api\/occurrencedataset\/datasets\/25","@type":"Datasets","id":25,"name":"Plants
        of the Sonoran Desert Network SAGE","notes":null,"sortSequence":null,"initialTimestamp":"2019-01-12T12:59:13+00:00","createdUserId":null,"collectionId":null},{"@id":"\/api\/occurrencedataset\/datasets\/26","@type":"Datasets","id":26,"name":"Plants
        of the Sonoran Desert Network CHIR","notes":null,"sortSequence":null,"initialTimestamp":"2019-01-12T12:59:13+00:00","createdUserId":null,"collectionId":null},{"@id":"\/api\/occurrencedataset\/datasets\/27","@type":"Datasets","id":27,"name":"Plants
        of the Sonoran Desert Network GICL","notes":null,"sortSequence":null,"initialTimestamp":"2019-01-12T12:59:13+00:00","createdUserId":null,"collectionId":null},{"@id":"\/api\/occurrencedataset\/datasets\/28","@type":"Datasets","id":28,"name":"Plant
        of the Sonoran Desert Network CAGR","notes":null,"sortSequence":null,"initialTimestamp":"2019-01-12T12:59:13+00:00","createdUserId":null,"collectionId":null}],"hydra:totalItems":28}'
  recorded_at: 2020-09-29 19:30:19 GMT
  recorded_with: vcr/0.5.4, webmockr/0.6.2
